
/home/runner/work/exp-study-and-use-of-optical-flat-iitkgp/exp-study-and-use-of-optical-flat-iitkgp/experiment/simulation/js/opticalFlats.js
    8:1   warning  '$' is not defined                            no-undef
    9:3   warning  '$' is not defined                            no-undef
   10:5   warning  '$' is not defined                            no-undef
   13:1   warning  '$' is not defined                            no-undef
   14:3   warning  '$' is not defined                            no-undef
   16:5   warning  '$' is not defined                            no-undef
   24:10  warning  'seudovalue1' is defined but never used       no-unused-vars
   26:1   warning  '$' is not defined                            no-undef
   30:10  warning  'seudovalue2' is defined but never used       no-unused-vars
   32:1   warning  '$' is not defined                            no-undef
   38:10  warning  'onoff' is defined but never used             no-unused-vars
   44:1   warning  '$' is not defined                            no-undef
   45:1   warning  '$' is not defined                            no-undef
   77:1   warning  '$' is not defined                            no-undef
   78:1   warning  '$' is not defined                            no-undef
  115:10  warning  'obj1' is defined but never used              no-unused-vars
  116:1   warning  '$' is not defined                            no-undef
  117:1   warning  '$' is not defined                            no-undef
  118:1   warning  '$' is not defined                            no-undef
  119:1   warning  '$' is not defined                            no-undef
  121:10  warning  'obj12' is defined but never used             no-unused-vars
  122:1   warning  '$' is not defined                            no-undef
  124:1   warning  '$' is not defined                            no-undef
  125:1   warning  '$' is not defined                            no-undef
  126:1   warning  '$' is not defined                            no-undef
  128:10  warning  'obj13' is defined but never used             no-unused-vars
  129:1   warning  '$' is not defined                            no-undef
  131:1   warning  '$' is not defined                            no-undef
  132:1   warning  '$' is not defined                            no-undef
  133:1   warning  '$' is not defined                            no-undef
  137:10  warning  'obj2' is defined but never used              no-unused-vars
  139:1   warning  '$' is not defined                            no-undef
  141:1   warning  '$' is not defined                            no-undef
  144:10  warning  'obj3' is defined but never used              no-unused-vars
  147:1   warning  '$' is not defined                            no-undef
  148:1   warning  '$' is not defined                            no-undef
  152:10  warning  'obj31' is defined but never used             no-unused-vars
  155:1   warning  '$' is not defined                            no-undef
  157:1   warning  '$' is not defined                            no-undef
  161:10  warning  'obj32' is defined but never used             no-unused-vars
  164:1   warning  '$' is not defined                            no-undef
  166:1   warning  '$' is not defined                            no-undef
  170:10  warning  'obj33' is defined but never used             no-unused-vars
  173:1   warning  '$' is not defined                            no-undef
  175:1   warning  '$' is not defined                            no-undef
  179:10  warning  'obj34' is defined but never used             no-unused-vars
  182:1   warning  '$' is not defined                            no-undef
  184:1   warning  '$' is not defined                            no-undef
  191:10  warning  'flat1' is defined but never used             no-unused-vars
  193:1   warning  '$' is not defined                            no-undef
  194:1   warning  '$' is not defined                            no-undef
  198:1   warning  '$' is not defined                            no-undef
  199:1   warning  '$' is not defined                            no-undef
  228:2   warning  '$' is not defined                            no-undef
  232:2   warning  '$' is not defined                            no-undef
  233:2   warning  '$' is not defined                            no-undef
  234:2   warning  '$' is not defined                            no-undef
  235:2   warning  '$' is not defined                            no-undef
  236:1   warning  Mixed spaces and tabs                         no-mixed-spaces-and-tabs
  237:1   warning  Mixed spaces and tabs                         no-mixed-spaces-and-tabs
  244:2   warning  '$' is not defined                            no-undef
  248:2   warning  '$' is not defined                            no-undef
  249:2   warning  '$' is not defined                            no-undef
  250:2   warning  '$' is not defined                            no-undef
  251:2   warning  '$' is not defined                            no-undef
  252:1   warning  Mixed spaces and tabs                         no-mixed-spaces-and-tabs
  253:1   warning  Mixed spaces and tabs                         no-mixed-spaces-and-tabs
  260:2   warning  '$' is not defined                            no-undef
  264:2   warning  '$' is not defined                            no-undef
  265:2   warning  '$' is not defined                            no-undef
  266:2   warning  '$' is not defined                            no-undef
  267:2   warning  '$' is not defined                            no-undef
  268:1   warning  Mixed spaces and tabs                         no-mixed-spaces-and-tabs
  269:1   warning  Mixed spaces and tabs                         no-mixed-spaces-and-tabs
  278:2   warning  '$' is not defined                            no-undef
  282:2   warning  '$' is not defined                            no-undef
  283:2   warning  '$' is not defined                            no-undef
  284:2   warning  '$' is not defined                            no-undef
  285:2   warning  '$' is not defined                            no-undef
  286:2   warning  '$' is not defined                            no-undef
  287:1   warning  Mixed spaces and tabs                         no-mixed-spaces-and-tabs
  288:1   warning  Mixed spaces and tabs                         no-mixed-spaces-and-tabs
  294:2   warning  '$' is not defined                            no-undef
  298:2   warning  '$' is not defined                            no-undef
  299:2   warning  '$' is not defined                            no-undef
  300:2   warning  '$' is not defined                            no-undef
  301:2   warning  '$' is not defined                            no-undef
  302:2   warning  '$' is not defined                            no-undef
  303:1   warning  Mixed spaces and tabs                         no-mixed-spaces-and-tabs
  304:1   warning  Mixed spaces and tabs                         no-mixed-spaces-and-tabs
  310:5   warning  'counter' is assigned a value but never used  no-unused-vars
  318:2   warning  '$' is not defined                            no-undef
  319:2   warning  '$' is not defined                            no-undef
  324:2   warning  '$' is not defined                            no-undef
  325:2   warning  '$' is not defined                            no-undef
  326:2   warning  '$' is not defined                            no-undef
  327:2   warning  '$' is not defined                            no-undef
  329:2   warning  '$' is not defined                            no-undef
  330:2   warning  '$' is not defined                            no-undef
  331:2   warning  '$' is not defined                            no-undef
  332:2   warning  '$' is not defined                            no-undef
  333:2   warning  '$' is not defined                            no-undef
  334:1   warning  Mixed spaces and tabs                         no-mixed-spaces-and-tabs
  339:2   warning  '$' is not defined                            no-undef
  340:2   warning  '$' is not defined                            no-undef
  345:2   warning  '$' is not defined                            no-undef
  346:2   warning  '$' is not defined                            no-undef
  347:2   warning  '$' is not defined                            no-undef
  348:2   warning  '$' is not defined                            no-undef
  350:2   warning  '$' is not defined                            no-undef
  351:2   warning  '$' is not defined                            no-undef
  352:2   warning  '$' is not defined                            no-undef
  353:2   warning  '$' is not defined                            no-undef
  354:2   warning  '$' is not defined                            no-undef
  355:1   warning  Mixed spaces and tabs                         no-mixed-spaces-and-tabs
  360:2   warning  '$' is not defined                            no-undef
  361:2   warning  '$' is not defined                            no-undef
  366:2   warning  '$' is not defined                            no-undef
  367:2   warning  '$' is not defined                            no-undef
  368:2   warning  '$' is not defined                            no-undef
  369:2   warning  '$' is not defined                            no-undef
  371:2   warning  '$' is not defined                            no-undef
  372:2   warning  '$' is not defined                            no-undef
  373:2   warning  '$' is not defined                            no-undef
  374:2   warning  '$' is not defined                            no-undef
  375:2   warning  '$' is not defined                            no-undef
  376:1   warning  Mixed spaces and tabs                         no-mixed-spaces-and-tabs
  381:2   warning  '$' is not defined                            no-undef
  382:2   warning  '$' is not defined                            no-undef
  387:2   warning  '$' is not defined                            no-undef
  388:2   warning  '$' is not defined                            no-undef
  389:2   warning  '$' is not defined                            no-undef
  390:2   warning  '$' is not defined                            no-undef
  392:2   warning  '$' is not defined                            no-undef
  393:2   warning  '$' is not defined                            no-undef
  394:2   warning  '$' is not defined                            no-undef
  395:2   warning  '$' is not defined                            no-undef
  397:2   warning  '$' is not defined                            no-undef
  398:1   warning  Mixed spaces and tabs                         no-mixed-spaces-and-tabs
  403:2   warning  '$' is not defined                            no-undef
  404:2   warning  '$' is not defined                            no-undef
  409:2   warning  '$' is not defined                            no-undef
  410:2   warning  '$' is not defined                            no-undef
  411:2   warning  '$' is not defined                            no-undef
  412:2   warning  '$' is not defined                            no-undef
  414:2   warning  '$' is not defined                            no-undef
  415:2   warning  '$' is not defined                            no-undef
  416:2   warning  '$' is not defined                            no-undef
  417:2   warning  '$' is not defined                            no-undef
  418:2   warning  '$' is not defined                            no-undef
  419:1   warning  Mixed spaces and tabs                         no-mixed-spaces-and-tabs
  441:10  warning  'CreateTable' is defined but never used       no-unused-vars
  445:14  warning  '$' is not defined                            no-undef
  446:14  warning  '$' is not defined                            no-undef
  471:10  warning  'Refresh' is defined but never used           no-unused-vars
  494:10  warning  'calculate' is defined but never used         no-unused-vars
  496:14  warning  '$' is not defined                            no-undef
  497:14  warning  'math' is not defined                         no-undef
  497:34  warning  'math' is not defined                         no-undef
  500:13  warning  'math' is not defined                         no-undef
  500:27  warning  'math' is not defined                         no-undef
  500:47  warning  'math' is not defined                         no-undef
  500:69  warning  'math' is not defined                         no-undef
  501:13  warning  'math' is not defined                         no-undef
  502:2   warning  '$' is not defined                            no-undef
  503:15  warning  'math' is not defined                         no-undef
  503:29  warning  'math' is not defined                         no-undef

✖ 167 problems (0 errors, 167 warnings)

